2025-06-29 11:31:33.661 [info] [main] Log level: Info
2025-06-29 11:31:33.661 [info] [main] Validating found git in: "git"
2025-06-29 11:31:33.661 [info] [main] Using git "2.43.0" from "git"
2025-06-29 11:31:33.661 [info] [Model][doInitialScan] Initial repository scan started
2025-06-29 11:31:33.678 [info] > git rev-parse --show-toplevel [25ms]
2025-06-29 11:31:33.684 [info] > git rev-parse --git-dir --git-common-dir [2ms]
2025-06-29 11:31:33.697 [info] [Model][openRepository] Opened repository: /home/aviral556
2025-06-29 11:31:33.749 [info] > git rev-parse --show-toplevel [39ms]
2025-06-29 11:31:33.750 [info] > git config --get commit.template [45ms]
2025-06-29 11:31:33.762 [info] [Git][getRemotes] No remotes found in the git config file
2025-06-29 11:31:33.763 [info] > git rev-parse --show-toplevel [8ms]
2025-06-29 11:31:33.775 [info] > git rev-parse --show-toplevel [4ms]
2025-06-29 11:31:33.781 [info] > git rev-parse --show-toplevel [2ms]
2025-06-29 11:31:33.786 [info] > git rev-parse --show-toplevel [1ms]
2025-06-29 11:31:33.792 [info] > git rev-parse --show-toplevel [2ms]
2025-06-29 11:31:33.798 [info] > git rev-parse --show-toplevel [2ms]
2025-06-29 11:31:33.804 [info] > git rev-parse --show-toplevel [1ms]
2025-06-29 11:31:33.809 [info] > git for-each-ref --format=%(refname)%00%(upstream:short)%00%(objectname)%00%(upstream:track)%00%(upstream:remotename)%00%(upstream:remoteref) refs/heads/master refs/remotes/master [48ms]
2025-06-29 11:31:35.925 [info] > git status -z -uall [2111ms]
2025-06-29 11:31:35.925 [info] > git for-each-ref --sort -committerdate --format %(refname)%00%(objectname)%00%(*objectname) [2106ms]
2025-06-29 11:31:35.926 [info] > git rev-parse --show-toplevel [2118ms]
2025-06-29 11:31:36.096 [info] > git check-ignore -v -z --stdin [161ms]
2025-06-29 11:31:36.098 [info] > git for-each-ref --format=%(refname)%00%(upstream:short)%00%(objectname)%00%(upstream:track)%00%(upstream:remotename)%00%(upstream:remoteref) refs/heads/master refs/remotes/master [50ms]
2025-06-29 11:31:36.109 [info] > git rev-parse --git-dir --git-common-dir [140ms]
2025-06-29 11:31:36.116 [info] [Model][openRepository] Opened repository: /home/aviral556/codelab-genai
2025-06-29 11:31:36.415 [info] > git config --get --local branch.master.vscode-merge-base [306ms]
2025-06-29 11:31:36.415 [warning] [Git][config] git config failed: Failed to execute git
2025-06-29 11:31:36.421 [info] > git config --get commit.template [345ms]
2025-06-29 11:31:36.427 [info] > git rev-parse --show-toplevel [75ms]
2025-06-29 11:31:36.427 [info] > git config --get commit.template [81ms]
2025-06-29 11:31:36.433 [info] [Git][getRemotes] No remotes found in the git config file
2025-06-29 11:31:36.450 [info] > git rev-parse --show-toplevel [9ms]
2025-06-29 11:31:36.450 [info] [Model][doInitialScan] Initial repository scan completed - repositories (2), closed repositories (0), parent repositories (0), unsafe repositories (0)
2025-06-29 11:31:36.451 [info] > git for-each-ref --format=%(refname)%00%(upstream:short)%00%(objectname)%00%(upstream:track)%00%(upstream:remotename)%00%(upstream:remoteref) refs/heads/master refs/remotes/master [18ms]
2025-06-29 11:31:36.475 [info] > git for-each-ref --format=%(refname)%00%(upstream:short)%00%(objectname)%00%(upstream:track)%00%(upstream:remotename)%00%(upstream:remoteref) refs/heads/main refs/remotes/main [28ms]
2025-06-29 11:31:36.476 [info] > git for-each-ref --sort -committerdate --format %(refname)%00%(objectname)%00%(*objectname) [13ms]
2025-06-29 11:31:36.564 [info] > git status -z -uall [33ms]
2025-06-29 11:31:36.565 [info] > git for-each-ref --sort -committerdate --format %(refname)%00%(objectname)%00%(*objectname) [25ms]
2025-06-29 11:31:36.577 [info] > git reflog master --grep-reflog=branch: Created from *. [157ms]
2025-06-29 11:31:36.586 [info] > git for-each-ref --format=%(refname)%00%(upstream:short)%00%(objectname)%00%(upstream:track)%00%(upstream:remotename)%00%(upstream:remoteref) refs/heads/main refs/remotes/main [12ms]
2025-06-29 11:31:36.594 [info] > git config --get commit.template [9ms]
2025-06-29 11:31:36.654 [info] > git status -z -uall [198ms]
2025-06-29 11:31:36.654 [info] > git config --get --local branch.main.vscode-merge-base [62ms]
2025-06-29 11:31:36.654 [warning] [Git][config] git config failed: Failed to execute git
2025-06-29 11:31:36.673 [info] > git for-each-ref --format=%(refname)%00%(upstream:short)%00%(objectname)%00%(upstream:track)%00%(upstream:remotename)%00%(upstream:remoteref) refs/heads/main refs/remotes/main [26ms]
2025-06-29 11:31:36.691 [info] > git reflog main --grep-reflog=branch: Created from *. [30ms]
2025-06-29 11:31:36.717 [info] > git status -z -uall [11ms]
2025-06-29 11:31:36.717 [info] > git symbolic-ref --short refs/remotes/origin/HEAD [20ms]
2025-06-29 11:31:36.718 [info] fatal: ref refs/remotes/origin/HEAD is not a symbolic ref
2025-06-29 11:31:36.718 [warning] [Repository][getDefaultBranch] Failed to get default branch details: Failed to execute git.
2025-06-29 11:31:36.732 [info] > git for-each-ref --sort -committerdate --format %(refname)%00%(objectname)%00%(*objectname) [20ms]
2025-06-29 11:31:36.743 [info] > git merge-base refs/heads/main refs/remotes/origin/main [3ms]
2025-06-29 11:31:36.750 [info] > git merge-base refs/heads/main refs/remotes/origin/main [26ms]
2025-06-29 11:31:36.759 [info] > git diff --name-status -z --diff-filter=ADMR 8ff863eeea5c72e887d243c560492d0052fe14dd...refs/remotes/origin/main [9ms]
2025-06-29 11:31:36.760 [info] > git diff --name-status -z --diff-filter=ADMR 8ff863eeea5c72e887d243c560492d0052fe14dd...refs/remotes/origin/main [3ms]
2025-06-29 11:31:37.072 [info] > git check-ignore -v -z --stdin [5ms]
2025-06-29 11:31:38.303 [info] > git config --get commit.template [89ms]
2025-06-29 11:31:38.324 [info] [Git][getRemotes] No remotes found in the git config file
2025-06-29 11:31:38.339 [info] > git for-each-ref --format=%(refname)%00%(upstream:short)%00%(objectname)%00%(upstream:track)%00%(upstream:remotename)%00%(upstream:remoteref) refs/heads/master refs/remotes/master [15ms]
2025-06-29 11:31:38.368 [info] > git for-each-ref --sort -committerdate --format %(refname)%00%(objectname)%00%(*objectname) [6ms]
2025-06-29 11:31:38.548 [info] > git status -z -uall [201ms]
2025-06-29 11:31:38.752 [info] > git check-ignore -v -z --stdin [14ms]
2025-06-29 11:31:38.753 [info] > git check-ignore -v -z --stdin [6ms]
2025-06-29 11:31:43.623 [info] [Git][getRemotes] No remotes found in the git config file
2025-06-29 11:31:43.629 [info] > git config --get commit.template [36ms]
2025-06-29 11:31:43.631 [info] > git for-each-ref --format=%(refname)%00%(upstream:short)%00%(objectname)%00%(upstream:track)%00%(upstream:remotename)%00%(upstream:remoteref) refs/heads/master refs/remotes/master [9ms]
2025-06-29 11:31:43.674 [info] > git for-each-ref --sort -committerdate --format %(refname)%00%(objectname)%00%(*objectname) [5ms]
2025-06-29 11:31:43.921 [info] > git status -z -uall [273ms]
2025-06-29 11:31:46.199 [info] > git check-ignore -v -z --stdin [17ms]
2025-06-29 11:31:49.296 [info] > git check-ignore -v -z --stdin [11ms]
2025-06-29 11:31:51.260 [info] > git check-ignore -v -z --stdin [6ms]
2025-06-29 11:31:52.614 [info] > git check-ignore -v -z --stdin [6ms]
2025-06-29 11:31:56.562 [info] > git check-ignore -v -z --stdin [5ms]
2025-06-29 11:32:00.316 [info] > git ls-files --stage -- frontend/Dockerfile [4ms]
2025-06-29 11:32:00.326 [info] > git show --textconv :frontend/Dockerfile [22ms]
2025-06-29 11:32:00.327 [info] > git cat-file -s ed2487326d88a186f88b0eff1da43c7366f67f96 [3ms]
2025-06-29 11:32:15.723 [info] [Git][getRemotes] No remotes found in the git config file
2025-06-29 11:32:15.724 [info] > git config --get commit.template [10ms]
2025-06-29 11:32:15.725 [info] > git for-each-ref --format=%(refname)%00%(upstream:short)%00%(objectname)%00%(upstream:track)%00%(upstream:remotename)%00%(upstream:remoteref) refs/heads/master refs/remotes/master [2ms]
2025-06-29 11:32:15.745 [info] > git for-each-ref --sort -committerdate --format %(refname)%00%(objectname)%00%(*objectname) [2ms]
2025-06-29 11:32:15.871 [info] > git status -z -uall [138ms]
2025-06-29 11:32:20.905 [info] [Git][getRemotes] No remotes found in the git config file
2025-06-29 11:32:20.906 [info] > git config --get commit.template [9ms]
2025-06-29 11:32:20.906 [info] > git for-each-ref --format=%(refname)%00%(upstream:short)%00%(objectname)%00%(upstream:track)%00%(upstream:remotename)%00%(upstream:remoteref) refs/heads/master refs/remotes/master [2ms]
2025-06-29 11:32:20.928 [info] > git for-each-ref --sort -committerdate --format %(refname)%00%(objectname)%00%(*objectname) [3ms]
2025-06-29 11:32:21.054 [info] > git status -z -uall [140ms]
2025-06-29 11:32:22.713 [info] > git ls-files --stage -- Dockerfile [3ms]
2025-06-29 11:32:22.724 [info] > git show --textconv :Dockerfile [23ms]
2025-06-29 11:32:22.724 [info] > git cat-file -s 6bb58bc56277e1d838ad923ac49974a7eadf3d34 [2ms]
2025-06-29 11:32:27.736 [info] [Git][getRemotes] No remotes found in the git config file
2025-06-29 11:32:27.736 [info] > git config --get commit.template [10ms]
2025-06-29 11:32:27.738 [info] > git for-each-ref --format=%(refname)%00%(upstream:short)%00%(objectname)%00%(upstream:track)%00%(upstream:remotename)%00%(upstream:remoteref) refs/heads/master refs/remotes/master [3ms]
2025-06-29 11:32:27.759 [info] > git for-each-ref --sort -committerdate --format %(refname)%00%(objectname)%00%(*objectname) [3ms]
2025-06-29 11:32:27.884 [info] > git status -z -uall [138ms]
2025-06-29 11:32:38.113 [info] > git config --get commit.template [3ms]
2025-06-29 11:32:38.123 [info] [Git][getRemotes] No remotes found in the git config file
2025-06-29 11:32:38.134 [info] > git for-each-ref --format=%(refname)%00%(upstream:short)%00%(objectname)%00%(upstream:track)%00%(upstream:remotename)%00%(upstream:remoteref) refs/heads/master refs/remotes/master [10ms]
2025-06-29 11:32:38.171 [info] > git for-each-ref --sort -committerdate --format %(refname)%00%(objectname)%00%(*objectname) [6ms]
2025-06-29 11:32:38.313 [info] > git status -z -uall [170ms]
2025-06-29 11:32:43.347 [info] [Git][getRemotes] No remotes found in the git config file
2025-06-29 11:32:43.347 [info] > git config --get commit.template [7ms]
2025-06-29 11:32:43.349 [info] > git for-each-ref --format=%(refname)%00%(upstream:short)%00%(objectname)%00%(upstream:track)%00%(upstream:remotename)%00%(upstream:remoteref) refs/heads/master refs/remotes/master [3ms]
2025-06-29 11:32:43.365 [info] > git for-each-ref --sort -committerdate --format %(refname)%00%(objectname)%00%(*objectname) [2ms]
2025-06-29 11:32:43.495 [info] > git status -z -uall [140ms]
2025-06-29 11:32:47.390 [info] > git check-ignore -v -z --stdin [5ms]
2025-06-29 11:32:51.817 [info] > git check-ignore -v -z --stdin [5ms]
2025-06-29 11:32:53.100 [info] [Git][getRemotes] No remotes found in the git config file
2025-06-29 11:32:53.101 [info] > git config --get commit.template [6ms]
2025-06-29 11:32:53.102 [info] > git for-each-ref --format=%(refname)%00%(upstream:short)%00%(objectname)%00%(upstream:track)%00%(upstream:remotename)%00%(upstream:remoteref) refs/heads/master refs/remotes/master [2ms]
2025-06-29 11:32:53.118 [info] > git for-each-ref --sort -committerdate --format %(refname)%00%(objectname)%00%(*objectname) [2ms]
2025-06-29 11:32:53.249 [info] > git status -z -uall [142ms]
2025-06-29 11:33:00.032 [info] [Git][getRemotes] No remotes found in the git config file
2025-06-29 11:33:00.032 [info] > git config --get commit.template [7ms]
2025-06-29 11:33:00.033 [info] > git for-each-ref --format=%(refname)%00%(upstream:short)%00%(objectname)%00%(upstream:track)%00%(upstream:remotename)%00%(upstream:remoteref) refs/heads/master refs/remotes/master [2ms]
2025-06-29 11:33:00.048 [info] > git for-each-ref --sort -committerdate --format %(refname)%00%(objectname)%00%(*objectname) [1ms]
2025-06-29 11:33:00.177 [info] > git status -z -uall [138ms]
2025-06-29 11:37:32.955 [info] > git config --get commit.template [1ms]
2025-06-29 11:37:32.985 [info] [Git][getRemotes] No remotes found in the git config file
2025-06-29 11:37:32.987 [info] > git for-each-ref --format=%(refname)%00%(upstream:short)%00%(objectname)%00%(upstream:track)%00%(upstream:remotename)%00%(upstream:remoteref) refs/heads/master refs/remotes/master [26ms]
2025-06-29 11:37:33.008 [info] > git for-each-ref --sort -committerdate --format %(refname)%00%(objectname)%00%(*objectname) [2ms]
2025-06-29 11:37:33.134 [info] > git status -z -uall [139ms]
2025-06-29 11:44:06.373 [info] > git config --get commit.template [2ms]
2025-06-29 11:44:06.380 [info] [Git][getRemotes] No remotes found in the git config file
2025-06-29 11:44:06.381 [info] > git for-each-ref --format=%(refname)%00%(upstream:short)%00%(objectname)%00%(upstream:track)%00%(upstream:remotename)%00%(upstream:remoteref) refs/heads/master refs/remotes/master [2ms]
2025-06-29 11:44:06.400 [info] > git for-each-ref --sort -committerdate --format %(refname)%00%(objectname)%00%(*objectname) [2ms]
2025-06-29 11:44:06.528 [info] > git status -z -uall [141ms]
2025-06-29 11:44:11.563 [info] [Git][getRemotes] No remotes found in the git config file
2025-06-29 11:44:11.564 [info] > git config --get commit.template [7ms]
2025-06-29 11:44:11.565 [info] > git for-each-ref --format=%(refname)%00%(upstream:short)%00%(objectname)%00%(upstream:track)%00%(upstream:remotename)%00%(upstream:remoteref) refs/heads/master refs/remotes/master [2ms]
2025-06-29 11:44:11.581 [info] > git for-each-ref --sort -committerdate --format %(refname)%00%(objectname)%00%(*objectname) [2ms]
2025-06-29 11:44:11.708 [info] > git status -z -uall [138ms]
2025-06-29 11:44:16.747 [info] [Git][getRemotes] No remotes found in the git config file
2025-06-29 11:44:16.747 [info] > git config --get commit.template [7ms]
2025-06-29 11:44:16.748 [info] > git for-each-ref --format=%(refname)%00%(upstream:short)%00%(objectname)%00%(upstream:track)%00%(upstream:remotename)%00%(upstream:remoteref) refs/heads/master refs/remotes/master [2ms]
2025-06-29 11:44:16.765 [info] > git for-each-ref --sort -committerdate --format %(refname)%00%(objectname)%00%(*objectname) [4ms]
2025-06-29 11:44:16.895 [info] > git status -z -uall [141ms]
2025-06-29 11:44:17.689 [info] > git check-ignore -v -z --stdin [5ms]
2025-06-29 11:44:21.921 [info] [Git][getRemotes] No remotes found in the git config file
2025-06-29 11:44:21.927 [info] > git config --get commit.template [7ms]
2025-06-29 11:44:21.929 [info] > git for-each-ref --format=%(refname)%00%(upstream:short)%00%(objectname)%00%(upstream:track)%00%(upstream:remotename)%00%(upstream:remoteref) refs/heads/master refs/remotes/master [2ms]
2025-06-29 11:44:21.945 [info] > git for-each-ref --sort -committerdate --format %(refname)%00%(objectname)%00%(*objectname) [1ms]
2025-06-29 11:44:22.102 [info] > git status -z -uall [167ms]
2025-06-29 11:44:23.915 [info] > git log --format=%H%n%aN%n%aE%n%at%n%ct%n%P%n%D%n%B -z --shortstat --diff-merges=first-parent -n50 --skip=0 --topo-order --decorate=full --stdin [6745ms]
2025-06-29 11:44:27.132 [info] [Git][getRemotes] No remotes found in the git config file
2025-06-29 11:44:27.133 [info] > git config --get commit.template [8ms]
2025-06-29 11:44:27.134 [info] > git for-each-ref --format=%(refname)%00%(upstream:short)%00%(objectname)%00%(upstream:track)%00%(upstream:remotename)%00%(upstream:remoteref) refs/heads/master refs/remotes/master [2ms]
2025-06-29 11:44:27.153 [info] > git for-each-ref --sort -committerdate --format %(refname)%00%(objectname)%00%(*objectname) [5ms]
2025-06-29 11:44:27.287 [info] > git status -z -uall [147ms]
2025-06-29 11:44:27.370 [info] > git log --format=%H%n%aN%n%aE%n%at%n%ct%n%P%n%D%n%B -z --shortstat --diff-merges=first-parent -n50 --skip=0 --topo-order --decorate=full --stdin [3253ms]
2025-06-29 11:44:32.322 [info] [Git][getRemotes] No remotes found in the git config file
2025-06-29 11:44:32.322 [info] > git config --get commit.template [7ms]
2025-06-29 11:44:32.324 [info] > git for-each-ref --format=%(refname)%00%(upstream:short)%00%(objectname)%00%(upstream:track)%00%(upstream:remotename)%00%(upstream:remoteref) refs/heads/master refs/remotes/master [3ms]
2025-06-29 11:44:32.340 [info] > git for-each-ref --sort -committerdate --format %(refname)%00%(objectname)%00%(*objectname) [1ms]
2025-06-29 11:44:32.469 [info] > git status -z -uall [139ms]
2025-06-29 11:44:37.491 [info] [Git][getRemotes] No remotes found in the git config file
2025-06-29 11:44:37.498 [info] > git config --get commit.template [7ms]
2025-06-29 11:44:37.500 [info] > git for-each-ref --format=%(refname)%00%(upstream:short)%00%(objectname)%00%(upstream:track)%00%(upstream:remotename)%00%(upstream:remoteref) refs/heads/master refs/remotes/master [1ms]
2025-06-29 11:44:37.516 [info] > git for-each-ref --sort -committerdate --format %(refname)%00%(objectname)%00%(*objectname) [2ms]
2025-06-29 11:44:37.658 [info] > git status -z -uall [152ms]
2025-06-29 11:44:40.042 [info] > git blame --root --incremental d6dfa646a51fb3142038b77ebe0cb53497bb99e7 -- Dockerfile [5ms]
2025-06-29 11:44:42.690 [info] [Git][getRemotes] No remotes found in the git config file
2025-06-29 11:44:42.690 [info] > git config --get commit.template [7ms]
2025-06-29 11:44:42.691 [info] > git for-each-ref --format=%(refname)%00%(upstream:short)%00%(objectname)%00%(upstream:track)%00%(upstream:remotename)%00%(upstream:remoteref) refs/heads/master refs/remotes/master [2ms]
2025-06-29 11:44:42.708 [info] > git for-each-ref --sort -committerdate --format %(refname)%00%(objectname)%00%(*objectname) [3ms]
2025-06-29 11:44:42.838 [info] > git status -z -uall [141ms]
2025-06-29 11:44:47.968 [info] [Git][getRemotes] No remotes found in the git config file
2025-06-29 11:44:47.974 [info] > git config --get commit.template [7ms]
2025-06-29 11:44:47.976 [info] > git for-each-ref --format=%(refname)%00%(upstream:short)%00%(objectname)%00%(upstream:track)%00%(upstream:remotename)%00%(upstream:remoteref) refs/heads/master refs/remotes/master [3ms]
2025-06-29 11:44:47.994 [info] > git for-each-ref --sort -committerdate --format %(refname)%00%(objectname)%00%(*objectname) [2ms]
2025-06-29 11:44:48.125 [info] > git status -z -uall [142ms]
2025-06-29 11:44:53.156 [info] [Git][getRemotes] No remotes found in the git config file
2025-06-29 11:44:53.157 [info] > git config --get commit.template [8ms]
2025-06-29 11:44:53.158 [info] > git for-each-ref --format=%(refname)%00%(upstream:short)%00%(objectname)%00%(upstream:track)%00%(upstream:remotename)%00%(upstream:remoteref) refs/heads/master refs/remotes/master [2ms]
2025-06-29 11:44:53.177 [info] > git for-each-ref --sort -committerdate --format %(refname)%00%(objectname)%00%(*objectname) [3ms]
2025-06-29 11:44:53.307 [info] > git status -z -uall [142ms]
2025-06-29 11:45:11.444 [info] [Git][getRemotes] No remotes found in the git config file
2025-06-29 11:45:11.445 [info] > git config --get commit.template [7ms]
2025-06-29 11:45:11.446 [info] > git for-each-ref --format=%(refname)%00%(upstream:short)%00%(objectname)%00%(upstream:track)%00%(upstream:remotename)%00%(upstream:remoteref) refs/heads/master refs/remotes/master [2ms]
2025-06-29 11:45:11.461 [info] > git for-each-ref --sort -committerdate --format %(refname)%00%(objectname)%00%(*objectname) [2ms]
2025-06-29 11:45:11.592 [info] > git status -z -uall [141ms]
2025-06-29 11:45:16.632 [info] [Git][getRemotes] No remotes found in the git config file
2025-06-29 11:45:16.632 [info] > git config --get commit.template [7ms]
2025-06-29 11:45:16.633 [info] > git for-each-ref --format=%(refname)%00%(upstream:short)%00%(objectname)%00%(upstream:track)%00%(upstream:remotename)%00%(upstream:remoteref) refs/heads/master refs/remotes/master [2ms]
2025-06-29 11:45:16.651 [info] > git for-each-ref --sort -committerdate --format %(refname)%00%(objectname)%00%(*objectname) [2ms]
2025-06-29 11:45:16.780 [info] > git status -z -uall [140ms]
2025-06-29 11:45:21.821 [info] [Git][getRemotes] No remotes found in the git config file
2025-06-29 11:45:21.822 [info] > git config --get commit.template [8ms]
2025-06-29 11:45:21.823 [info] > git for-each-ref --format=%(refname)%00%(upstream:short)%00%(objectname)%00%(upstream:track)%00%(upstream:remotename)%00%(upstream:remoteref) refs/heads/master refs/remotes/master [2ms]
2025-06-29 11:45:21.838 [info] > git for-each-ref --sort -committerdate --format %(refname)%00%(objectname)%00%(*objectname) [2ms]
2025-06-29 11:45:21.976 [info] > git status -z -uall [148ms]
2025-06-29 11:45:27.018 [info] [Git][getRemotes] No remotes found in the git config file
2025-06-29 11:45:27.019 [info] > git config --get commit.template [7ms]
2025-06-29 11:45:27.020 [info] > git for-each-ref --format=%(refname)%00%(upstream:short)%00%(objectname)%00%(upstream:track)%00%(upstream:remotename)%00%(upstream:remoteref) refs/heads/master refs/remotes/master [2ms]
2025-06-29 11:45:27.035 [info] > git for-each-ref --sort -committerdate --format %(refname)%00%(objectname)%00%(*objectname) [2ms]
2025-06-29 11:45:27.164 [info] > git status -z -uall [139ms]
2025-06-29 11:45:32.194 [info] [Git][getRemotes] No remotes found in the git config file
2025-06-29 11:45:32.195 [info] > git config --get commit.template [7ms]
2025-06-29 11:45:32.196 [info] > git for-each-ref --format=%(refname)%00%(upstream:short)%00%(objectname)%00%(upstream:track)%00%(upstream:remotename)%00%(upstream:remoteref) refs/heads/master refs/remotes/master [2ms]
2025-06-29 11:45:32.214 [info] > git for-each-ref --sort -committerdate --format %(refname)%00%(objectname)%00%(*objectname) [3ms]
2025-06-29 11:45:32.340 [info] > git status -z -uall [139ms]
2025-06-29 11:45:37.376 [info] [Git][getRemotes] No remotes found in the git config file
2025-06-29 11:45:37.377 [info] > git config --get commit.template [7ms]
2025-06-29 11:45:37.378 [info] > git for-each-ref --format=%(refname)%00%(upstream:short)%00%(objectname)%00%(upstream:track)%00%(upstream:remotename)%00%(upstream:remoteref) refs/heads/master refs/remotes/master [2ms]
2025-06-29 11:45:37.393 [info] > git for-each-ref --sort -committerdate --format %(refname)%00%(objectname)%00%(*objectname) [1ms]
2025-06-29 11:45:37.525 [info] > git status -z -uall [142ms]
2025-06-29 11:45:42.938 [info] [Git][getRemotes] No remotes found in the git config file
2025-06-29 11:45:42.939 [info] > git config --get commit.template [7ms]
2025-06-29 11:45:42.942 [info] > git for-each-ref --format=%(refname)%00%(upstream:short)%00%(objectname)%00%(upstream:track)%00%(upstream:remotename)%00%(upstream:remoteref) refs/heads/master refs/remotes/master [4ms]
2025-06-29 11:45:42.958 [info] > git for-each-ref --sort -committerdate --format %(refname)%00%(objectname)%00%(*objectname) [2ms]
2025-06-29 11:45:43.088 [info] > git status -z -uall [140ms]
2025-06-29 11:45:48.118 [info] [Git][getRemotes] No remotes found in the git config file
2025-06-29 11:45:48.118 [info] > git config --get commit.template [7ms]
2025-06-29 11:45:48.119 [info] > git for-each-ref --format=%(refname)%00%(upstream:short)%00%(objectname)%00%(upstream:track)%00%(upstream:remotename)%00%(upstream:remoteref) refs/heads/master refs/remotes/master [2ms]
2025-06-29 11:45:48.137 [info] > git for-each-ref --sort -committerdate --format %(refname)%00%(objectname)%00%(*objectname) [0ms]
2025-06-29 11:45:48.265 [info] > git status -z -uall [140ms]
2025-06-29 11:45:53.297 [info] [Git][getRemotes] No remotes found in the git config file
2025-06-29 11:45:53.298 [info] > git config --get commit.template [7ms]
2025-06-29 11:45:53.299 [info] > git for-each-ref --format=%(refname)%00%(upstream:short)%00%(objectname)%00%(upstream:track)%00%(upstream:remotename)%00%(upstream:remoteref) refs/heads/master refs/remotes/master [3ms]
2025-06-29 11:45:53.316 [info] > git for-each-ref --sort -committerdate --format %(refname)%00%(objectname)%00%(*objectname) [3ms]
2025-06-29 11:45:53.447 [info] > git status -z -uall [141ms]
2025-06-29 11:46:09.489 [info] [Git][getRemotes] No remotes found in the git config file
2025-06-29 11:46:09.490 [info] > git config --get commit.template [7ms]
2025-06-29 11:46:09.491 [info] > git for-each-ref --format=%(refname)%00%(upstream:short)%00%(objectname)%00%(upstream:track)%00%(upstream:remotename)%00%(upstream:remoteref) refs/heads/master refs/remotes/master [2ms]
2025-06-29 11:46:09.507 [info] > git for-each-ref --sort -committerdate --format %(refname)%00%(objectname)%00%(*objectname) [2ms]
2025-06-29 11:46:09.640 [info] > git status -z -uall [143ms]
2025-06-29 11:46:14.674 [info] [Git][getRemotes] No remotes found in the git config file
2025-06-29 11:46:14.675 [info] > git config --get commit.template [8ms]
2025-06-29 11:46:14.676 [info] > git for-each-ref --format=%(refname)%00%(upstream:short)%00%(objectname)%00%(upstream:track)%00%(upstream:remotename)%00%(upstream:remoteref) refs/heads/master refs/remotes/master [2ms]
2025-06-29 11:46:14.692 [info] > git for-each-ref --sort -committerdate --format %(refname)%00%(objectname)%00%(*objectname) [2ms]
2025-06-29 11:46:14.826 [info] > git status -z -uall [145ms]
2025-06-29 11:46:20.499 [info] [Git][getRemotes] No remotes found in the git config file
2025-06-29 11:46:20.499 [info] > git config --get commit.template [7ms]
2025-06-29 11:46:20.500 [info] > git for-each-ref --format=%(refname)%00%(upstream:short)%00%(objectname)%00%(upstream:track)%00%(upstream:remotename)%00%(upstream:remoteref) refs/heads/master refs/remotes/master [2ms]
2025-06-29 11:46:20.515 [info] > git for-each-ref --sort -committerdate --format %(refname)%00%(objectname)%00%(*objectname) [2ms]
2025-06-29 11:46:20.648 [info] > git status -z -uall [142ms]
2025-06-29 11:46:27.992 [info] [Git][getRemotes] No remotes found in the git config file
2025-06-29 11:46:27.998 [info] > git config --get commit.template [7ms]
2025-06-29 11:46:27.999 [info] > git for-each-ref --format=%(refname)%00%(upstream:short)%00%(objectname)%00%(upstream:track)%00%(upstream:remotename)%00%(upstream:remoteref) refs/heads/master refs/remotes/master [2ms]
2025-06-29 11:46:28.017 [info] > git for-each-ref --sort -committerdate --format %(refname)%00%(objectname)%00%(*objectname) [2ms]
2025-06-29 11:46:28.148 [info] > git status -z -uall [143ms]
2025-06-29 11:46:33.185 [info] [Git][getRemotes] No remotes found in the git config file
2025-06-29 11:46:33.185 [info] > git config --get commit.template [7ms]
2025-06-29 11:46:33.186 [info] > git for-each-ref --format=%(refname)%00%(upstream:short)%00%(objectname)%00%(upstream:track)%00%(upstream:remotename)%00%(upstream:remoteref) refs/heads/master refs/remotes/master [1ms]
2025-06-29 11:46:33.203 [info] > git for-each-ref --sort -committerdate --format %(refname)%00%(objectname)%00%(*objectname) [2ms]
2025-06-29 11:46:33.337 [info] > git status -z -uall [144ms]
2025-06-29 11:46:43.014 [info] [Git][getRemotes] No remotes found in the git config file
2025-06-29 11:46:43.015 [info] > git config --get commit.template [7ms]
2025-06-29 11:46:43.016 [info] > git for-each-ref --format=%(refname)%00%(upstream:short)%00%(objectname)%00%(upstream:track)%00%(upstream:remotename)%00%(upstream:remoteref) refs/heads/master refs/remotes/master [2ms]
2025-06-29 11:46:43.033 [info] > git for-each-ref --sort -committerdate --format %(refname)%00%(objectname)%00%(*objectname) [2ms]
2025-06-29 11:46:43.171 [info] > git status -z -uall [149ms]
2025-06-29 11:46:48.219 [info] [Git][getRemotes] No remotes found in the git config file
2025-06-29 11:46:48.219 [info] > git config --get commit.template [7ms]
2025-06-29 11:46:48.220 [info] > git for-each-ref --format=%(refname)%00%(upstream:short)%00%(objectname)%00%(upstream:track)%00%(upstream:remotename)%00%(upstream:remoteref) refs/heads/master refs/remotes/master [1ms]
2025-06-29 11:46:48.236 [info] > git for-each-ref --sort -committerdate --format %(refname)%00%(objectname)%00%(*objectname) [2ms]
2025-06-29 11:46:48.371 [info] > git status -z -uall [145ms]
2025-06-29 11:46:54.688 [info] [Git][getRemotes] No remotes found in the git config file
2025-06-29 11:46:54.689 [info] > git config --get commit.template [7ms]
2025-06-29 11:46:54.690 [info] > git for-each-ref --format=%(refname)%00%(upstream:short)%00%(objectname)%00%(upstream:track)%00%(upstream:remotename)%00%(upstream:remoteref) refs/heads/master refs/remotes/master [2ms]
2025-06-29 11:46:54.705 [info] > git for-each-ref --sort -committerdate --format %(refname)%00%(objectname)%00%(*objectname) [1ms]
2025-06-29 11:46:54.839 [info] > git status -z -uall [143ms]
2025-06-29 11:46:59.865 [info] [Git][getRemotes] No remotes found in the git config file
2025-06-29 11:46:59.872 [info] > git config --get commit.template [6ms]
2025-06-29 11:46:59.873 [info] > git for-each-ref --format=%(refname)%00%(upstream:short)%00%(objectname)%00%(upstream:track)%00%(upstream:remotename)%00%(upstream:remoteref) refs/heads/master refs/remotes/master [2ms]
2025-06-29 11:46:59.888 [info] > git for-each-ref --sort -committerdate --format %(refname)%00%(objectname)%00%(*objectname) [2ms]
2025-06-29 11:47:00.022 [info] > git status -z -uall [144ms]
2025-06-29 11:47:05.055 [info] [Git][getRemotes] No remotes found in the git config file
2025-06-29 11:47:05.056 [info] > git config --get commit.template [8ms]
2025-06-29 11:47:05.057 [info] > git for-each-ref --format=%(refname)%00%(upstream:short)%00%(objectname)%00%(upstream:track)%00%(upstream:remotename)%00%(upstream:remoteref) refs/heads/master refs/remotes/master [2ms]
2025-06-29 11:47:05.073 [info] > git for-each-ref --sort -committerdate --format %(refname)%00%(objectname)%00%(*objectname) [2ms]
2025-06-29 11:47:05.209 [info] > git status -z -uall [146ms]
2025-06-29 11:47:10.246 [info] [Git][getRemotes] No remotes found in the git config file
2025-06-29 11:47:10.246 [info] > git config --get commit.template [8ms]
2025-06-29 11:47:10.247 [info] > git for-each-ref --format=%(refname)%00%(upstream:short)%00%(objectname)%00%(upstream:track)%00%(upstream:remotename)%00%(upstream:remoteref) refs/heads/master refs/remotes/master [2ms]
2025-06-29 11:47:10.266 [info] > git for-each-ref --sort -committerdate --format %(refname)%00%(objectname)%00%(*objectname) [2ms]
2025-06-29 11:47:10.397 [info] > git status -z -uall [144ms]
2025-06-29 11:47:15.422 [info] [Git][getRemotes] No remotes found in the git config file
2025-06-29 11:47:15.428 [info] > git config --get commit.template [7ms]
2025-06-29 11:47:15.430 [info] > git for-each-ref --format=%(refname)%00%(upstream:short)%00%(objectname)%00%(upstream:track)%00%(upstream:remotename)%00%(upstream:remoteref) refs/heads/master refs/remotes/master [2ms]
2025-06-29 11:47:15.446 [info] > git for-each-ref --sort -committerdate --format %(refname)%00%(objectname)%00%(*objectname) [3ms]
2025-06-29 11:47:15.580 [info] > git status -z -uall [143ms]
2025-06-29 11:47:20.699 [info] > git config --get commit.template [4ms]
2025-06-29 11:47:20.706 [info] [Git][getRemotes] No remotes found in the git config file
2025-06-29 11:47:20.707 [info] > git for-each-ref --format=%(refname)%00%(upstream:short)%00%(objectname)%00%(upstream:track)%00%(upstream:remotename)%00%(upstream:remoteref) refs/heads/master refs/remotes/master [2ms]
2025-06-29 11:47:20.724 [info] > git for-each-ref --sort -committerdate --format %(refname)%00%(objectname)%00%(*objectname) [1ms]
2025-06-29 11:47:20.859 [info] > git status -z -uall [145ms]
2025-06-29 11:47:29.202 [info] [Git][getRemotes] No remotes found in the git config file
2025-06-29 11:47:29.202 [info] > git config --get commit.template [8ms]
2025-06-29 11:47:29.203 [info] > git for-each-ref --format=%(refname)%00%(upstream:short)%00%(objectname)%00%(upstream:track)%00%(upstream:remotename)%00%(upstream:remoteref) refs/heads/master refs/remotes/master [1ms]
2025-06-29 11:47:29.220 [info] > git for-each-ref --sort -committerdate --format %(refname)%00%(objectname)%00%(*objectname) [2ms]
2025-06-29 11:47:29.352 [info] > git status -z -uall [142ms]
2025-06-29 11:47:34.473 [info] [Git][getRemotes] No remotes found in the git config file
2025-06-29 11:47:34.480 [info] > git config --get commit.template [8ms]
2025-06-29 11:47:34.481 [info] > git for-each-ref --format=%(refname)%00%(upstream:short)%00%(objectname)%00%(upstream:track)%00%(upstream:remotename)%00%(upstream:remoteref) refs/heads/master refs/remotes/master [2ms]
2025-06-29 11:47:34.497 [info] > git for-each-ref --sort -committerdate --format %(refname)%00%(objectname)%00%(*objectname) [2ms]
2025-06-29 11:47:34.629 [info] > git status -z -uall [142ms]
2025-06-29 11:47:39.662 [info] [Git][getRemotes] No remotes found in the git config file
2025-06-29 11:47:39.663 [info] > git config --get commit.template [8ms]
2025-06-29 11:47:39.664 [info] > git for-each-ref --format=%(refname)%00%(upstream:short)%00%(objectname)%00%(upstream:track)%00%(upstream:remotename)%00%(upstream:remoteref) refs/heads/master refs/remotes/master [2ms]
2025-06-29 11:47:39.681 [info] > git for-each-ref --sort -committerdate --format %(refname)%00%(objectname)%00%(*objectname) [3ms]
2025-06-29 11:47:39.814 [info] > git status -z -uall [144ms]
2025-06-29 11:47:50.133 [info] [Git][getRemotes] No remotes found in the git config file
2025-06-29 11:47:50.134 [info] > git config --get commit.template [8ms]
2025-06-29 11:47:50.135 [info] > git for-each-ref --format=%(refname)%00%(upstream:short)%00%(objectname)%00%(upstream:track)%00%(upstream:remotename)%00%(upstream:remoteref) refs/heads/master refs/remotes/master [2ms]
2025-06-29 11:47:50.153 [info] > git for-each-ref --sort -committerdate --format %(refname)%00%(objectname)%00%(*objectname) [2ms]
2025-06-29 11:47:50.283 [info] > git status -z -uall [142ms]
2025-06-29 11:47:55.329 [info] [Git][getRemotes] No remotes found in the git config file
2025-06-29 11:47:55.329 [info] > git config --get commit.template [7ms]
2025-06-29 11:47:55.330 [info] > git for-each-ref --format=%(refname)%00%(upstream:short)%00%(objectname)%00%(upstream:track)%00%(upstream:remotename)%00%(upstream:remoteref) refs/heads/master refs/remotes/master [1ms]
2025-06-29 11:47:55.348 [info] > git for-each-ref --sort -committerdate --format %(refname)%00%(objectname)%00%(*objectname) [1ms]
2025-06-29 11:47:55.481 [info] > git status -z -uall [144ms]
2025-06-29 11:48:00.518 [info] [Git][getRemotes] No remotes found in the git config file
2025-06-29 11:48:00.519 [info] > git config --get commit.template [8ms]
2025-06-29 11:48:00.520 [info] > git for-each-ref --format=%(refname)%00%(upstream:short)%00%(objectname)%00%(upstream:track)%00%(upstream:remotename)%00%(upstream:remoteref) refs/heads/master refs/remotes/master [2ms]
2025-06-29 11:48:00.539 [info] > git for-each-ref --sort -committerdate --format %(refname)%00%(objectname)%00%(*objectname) [4ms]
2025-06-29 11:48:00.670 [info] > git status -z -uall [144ms]
