2025-06-28 17:49:24.524 [info] Extension host with pid 1278 started
2025-06-28 17:49:24.538 [info] Lock '/home/aviral556/.codeoss/data/User/workspaceStorage/75ee71c1/vscode.lock': Lock acquired.
2025-06-28 17:49:25.069 [info] ExtensionService#_doActivateExtension vscode.emmet, startup: false, activationEvent: 'onLanguage'
2025-06-28 17:49:25.223 [info] ExtensionService#_doActivateExtension vscode.git-base, startup: true, activationEvent: '*', root cause: vscode.git
2025-06-28 17:49:25.327 [info] ExtensionService#_doActivateExtension vscode.git, startup: true, activationEvent: '*'
2025-06-28 17:49:25.327 [info] ExtensionService#_doActivateExtension vscode.github, startup: true, activationEvent: '*'
2025-06-28 17:49:25.808 [info] Eager extensions activated
2025-06-28 17:49:25.809 [info] ExtensionService#_doActivateExtension EditorConfig.EditorConfig, startup: false, activationEvent: 'onStartupFinished'
2025-06-28 17:49:25.809 [info] ExtensionService#_doActivateExtension google.cloud-shell, startup: false, activationEvent: 'onStartupFinished'
2025-06-28 17:49:25.810 [info] ExtensionService#_doActivateExtension google.geminicodeassist, startup: false, activationEvent: 'onStartupFinished', root cause: googlecloudtools.cloudcode
2025-06-28 17:49:25.810 [info] ExtensionService#_doActivateExtension vscode.debug-auto-launch, startup: false, activationEvent: 'onStartupFinished'
2025-06-28 17:49:25.811 [info] ExtensionService#_doActivateExtension vscode.merge-conflict, startup: false, activationEvent: 'onStartupFinished'
2025-06-28 17:49:27.593 [warning] [Decorations] CAPPING events from decorations provider vscode.git 306
2025-06-28 17:49:27.853 [warning] [Decorations] CAPPING events from decorations provider vscode.git 328
2025-06-28 17:49:28.183 [info] ExtensionService#_doActivateExtension vscode.configuration-editing, startup: false, activationEvent: 'onLanguage:jsonc'
2025-06-28 17:49:28.184 [info] ExtensionService#_doActivateExtension vscode.json-language-features, startup: false, activationEvent: 'onLanguage:jsonc'
2025-06-28 17:49:28.184 [info] ExtensionService#_doActivateExtension vscode.typescript-language-features, startup: false, activationEvent: 'onLanguage:jsonc'
2025-06-28 17:49:28.371 [info] ExtensionService#_doActivateExtension googlecloudtools.cloudcode, startup: false, activationEvent: 'onStartupFinished'
2025-06-28 17:49:30.519 [error] onWillSaveTextDocument-listener from extension 'EditorConfig.EditorConfig' threw ERROR
2025-06-28 17:49:30.527 [error] Error: timeout
    at Timeout._onTimeout (file:///google/devshell/editor/code-oss-for-cloud-shell/out/vs/workbench/api/node/extensionHostProcess.js:135:108282)
    at listOnTimeout (node:internal/timers:581:17)
    at processTimers (node:internal/timers:519:7)
2025-06-28 17:49:31.043 [info] ExtensionService#_doActivateExtension vscode.github-authentication, startup: false, activationEvent: 'onAuthenticationRequest:github'
2025-06-28 18:49:39.504 [error] unauthorized. cloudshell.authorize {"value":"google.cloud-shell","_lower":"google.cloud-shell"}
2025-06-28 18:49:40.508 [error] Error: Error calling Cloud Shell Theia Authorization. undefined
    at t.CloudShellTheiaAuth.<anonymous> (/google/devshell/editor/code-oss-for-cloud-shell/extensions/geminicodeassist/dist/webpack:/common/packages/cloudshell/authorization.ts:73:13)
    at Generator.throw (<anonymous>)
    at i (/google/devshell/editor/code-oss-for-cloud-shell/extensions/geminicodeassist/dist/webpack:/common/packages/citation/index.ts:14:1)
