2025-04-19 11:19:41.211 [warning] Dir "/home/aviral556/.pixi/envs" is not watchable (directory does not exist)
2025-04-19 11:19:41.211 [info] Starting Environment refresh
2025-04-19 11:19:41.211 [info] Searching for interpreters in posix paths locator
2025-04-19 11:19:41.211 [info] Searching for pyenv environments
2025-04-19 11:19:41.211 [info] Searching for conda environments
2025-04-19 11:19:41.211 [info] Searching for global virtual environments
2025-04-19 11:19:41.211 [info] Searching for custom virtual environments
2025-04-19 11:19:41.211 [info] pyenv is not installed
2025-04-19 11:19:41.211 [info] Finished searching for pyenv environments: 17 milliseconds
2025-04-19 11:19:41.211 [info] Finished searching for custom virtual envs: 16 milliseconds
2025-04-19 11:19:41.211 [info] > conda info --json
2025-04-19 11:19:41.211 [info] > hatch env show --json
2025-04-19 11:19:41.211 [info] cwd: .
2025-04-19 11:19:41.211 [info] > pyenv which python
2025-04-19 11:19:41.211 [info] cwd: .
2025-04-19 11:19:41.211 [info] Finished searching for global virtual envs: 52 milliseconds
2025-04-19 11:19:41.215 [info] Found: /bin/python --> /bin/python3.12
2025-04-19 11:19:41.222 [info] Found: /bin/python3 --> /bin/python3.12
2025-04-19 11:19:41.223 [info] Found: /bin/python3.12 --> /bin/python3.12
2025-04-19 11:19:41.254 [info] Found: /usr/bin/python --> /usr/bin/python3.12
2025-04-19 11:19:41.259 [info] Found: /usr/bin/python3 --> /usr/bin/python3.12
2025-04-19 11:19:41.261 [info] Found: /usr/bin/python3.12 --> /usr/bin/python3.12
2025-04-19 11:19:41.362 [info] Finished searching for interpreters in posix paths locator: 209 milliseconds
2025-04-19 11:19:41.362 [info] > /bin/python -I /google/devshell/editor/code-oss-for-cloud-shell/extensions/ms-python.python/python_files/get_output_via_markers.py /google/devshell/editor/code-oss-for-cloud-shell/extensions/ms-python.python/python_files/interpreterInfo.py
2025-04-19 11:19:41.429 [info] > /usr/bin/python -I /google/devshell/editor/code-oss-for-cloud-shell/extensions/ms-python.python/python_files/get_output_via_markers.py /google/devshell/editor/code-oss-for-cloud-shell/extensions/ms-python.python/python_files/interpreterInfo.py
2025-04-19 11:19:41.429 [info] Environments refresh paths discovered (event): 287 milliseconds
2025-04-19 11:19:41.429 [info] Environments refresh paths discovered: 287 milliseconds
2025-04-19 11:19:41.509 [info] Environments refresh finished (event): 367 milliseconds
2025-04-19 11:19:41.524 [info] Environment refresh took 381 milliseconds
2025-04-19 11:19:41.535 [info] Python interpreter path: /bin/python
2025-04-19 11:19:44.305 [info] Starting Jedi language server for aviral556.
2025-04-19 11:19:49.663 [info] Discover tests for workspace name: aviral556 - uri: /home/aviral556/codelab-genai/main.py
2025-04-19 11:34:18.658 [info] Discover tests for workspace name: aviral556 - uri: /home/aviral556/codelab-genai/main.py
