2025-04-19 11:19:30.089 [info] Extension host with pid 1482 started
2025-04-19 11:19:30.089 [error] Error: EEXIST: file already exists, open '/home/aviral556/.codeoss/data/User/workspaceStorage/-c63280b/vscode.lock'
2025-04-19 11:19:30.112 [info] Lock '/home/aviral556/.codeoss/data/User/workspaceStorage/-c63280b/vscode.lock': Could not acquire lock, checking if the file is stale.
2025-04-19 11:19:30.114 [info] Lock '/home/aviral556/.codeoss/data/User/workspaceStorage/-c63280b/vscode.lock': The pid 1240 appears to be gone.
2025-04-19 11:19:30.114 [info] Lock '/home/aviral556/.codeoss/data/User/workspaceStorage/-c63280b/vscode.lock': Deleting a stale lock.
2025-04-19 11:19:30.119 [info] Lock '/home/aviral556/.codeoss/data/User/workspaceStorage/-c63280b/vscode.lock': Lock acquired.
2025-04-19 11:19:31.563 [info] ExtensionService#_doActivateExtension vscode.emmet, startup: false, activationEvent: 'onLanguage'
2025-04-19 11:19:31.705 [info] ExtensionService#_doActivateExtension vscode.git-base, startup: true, activationEvent: '*', root cause: vscode.git
2025-04-19 11:19:31.818 [info] ExtensionService#_doActivateExtension vscode.git, startup: true, activationEvent: '*'
2025-04-19 11:19:31.818 [info] ExtensionService#_doActivateExtension vscode.github, startup: true, activationEvent: '*'
2025-04-19 11:19:32.151 [info] ExtensionService#_doActivateExtension redhat.fabric8-analytics, startup: true, activationEvent: 'workspaceContains:**/package.json,**/pom.xml,**/go.mod,**/requirements.txt,**/build.gradle,**/Dockerfile,**/Containerfile'
2025-04-19 11:19:34.715 [info] Eager extensions activated
2025-04-19 11:19:34.715 [info] ExtensionService#_doActivateExtension EditorConfig.EditorConfig, startup: false, activationEvent: 'onStartupFinished'
2025-04-19 11:19:34.716 [info] ExtensionService#_doActivateExtension google.cloud-shell, startup: false, activationEvent: 'onStartupFinished'
2025-04-19 11:19:34.716 [info] ExtensionService#_doActivateExtension google.geminicodeassist, startup: false, activationEvent: 'onStartupFinished', root cause: googlecloudtools.cloudcode
2025-04-19 11:19:34.716 [info] ExtensionService#_doActivateExtension vscode.debug-auto-launch, startup: false, activationEvent: 'onStartupFinished'
2025-04-19 11:19:34.716 [info] ExtensionService#_doActivateExtension vscode.merge-conflict, startup: false, activationEvent: 'onStartupFinished'
2025-04-19 11:19:36.764 [info] ExtensionService#_doActivateExtension vscode.configuration-editing, startup: false, activationEvent: 'onLanguage:jsonc'
2025-04-19 11:19:36.764 [info] ExtensionService#_doActivateExtension vscode.json-language-features, startup: false, activationEvent: 'onLanguage:jsonc'
2025-04-19 11:19:36.765 [info] ExtensionService#_doActivateExtension vscode.typescript-language-features, startup: false, activationEvent: 'onLanguage:jsonc'
2025-04-19 11:19:36.937 [info] ExtensionService#_doActivateExtension googlecloudtools.cloudcode, startup: false, activationEvent: 'onStartupFinished'
2025-04-19 11:19:39.241 [info] ExtensionService#_doActivateExtension ms-python.python, startup: false, activationEvent: 'onLanguage:python'
2025-04-19 11:19:40.938 [error] Error: spawn /google/devshell/editor/code-oss-for-cloud-shell/extensions/ms-python.python/python-env-tools/bin/pet ENOENT
    at Process.ChildProcess._handle.onexit (node:internal/child_process:286:19)
    at onErrorNT (node:internal/child_process:484:16)
    at processTicksAndRejections (node:internal/process/task_queues:82:21)
2025-04-19 11:19:45.525 [warning] [Decorations] CAPPING events from decorations provider vscode.git 261
2025-04-19 11:20:00.354 [warning] [Decorations] CAPPING events from decorations provider vscode.git 271
2025-04-19 11:32:05.672 [warning] [Decorations] CAPPING events from decorations provider vscode.git 273
2025-04-19 11:32:10.842 [warning] [Decorations] CAPPING events from decorations provider vscode.git 271
2025-04-19 11:32:16.052 [warning] [Decorations] CAPPING events from decorations provider vscode.git 272
2025-04-19 11:32:21.217 [warning] [Decorations] CAPPING events from decorations provider vscode.git 272
2025-04-19 11:32:26.385 [warning] [Decorations] CAPPING events from decorations provider vscode.git 272
2025-04-19 11:32:31.554 [warning] [Decorations] CAPPING events from decorations provider vscode.git 272
2025-04-19 11:32:40.420 [warning] [Decorations] CAPPING events from decorations provider vscode.git 273
2025-04-19 11:32:45.631 [warning] [Decorations] CAPPING events from decorations provider vscode.git 273
2025-04-19 11:32:50.800 [warning] [Decorations] CAPPING events from decorations provider vscode.git 273
2025-04-19 11:32:55.969 [warning] [Decorations] CAPPING events from decorations provider vscode.git 273
2025-04-19 11:33:01.135 [warning] [Decorations] CAPPING events from decorations provider vscode.git 273
2025-04-19 11:33:06.300 [warning] [Decorations] CAPPING events from decorations provider vscode.git 273
2025-04-19 11:33:16.205 [warning] [Decorations] CAPPING events from decorations provider vscode.git 273
2025-04-19 11:33:21.370 [warning] [Decorations] CAPPING events from decorations provider vscode.git 273
2025-04-19 11:33:30.710 [warning] [Decorations] CAPPING events from decorations provider vscode.git 273
2025-04-19 11:33:38.672 [warning] [Decorations] CAPPING events from decorations provider vscode.git 273
2025-04-19 11:33:46.250 [warning] [Decorations] CAPPING events from decorations provider vscode.git 273
2025-04-19 11:33:53.465 [warning] [Decorations] CAPPING events from decorations provider vscode.git 273
2025-04-19 11:33:58.630 [warning] [Decorations] CAPPING events from decorations provider vscode.git 273
2025-04-19 11:34:09.181 [warning] [Decorations] CAPPING events from decorations provider vscode.git 273
2025-04-19 11:34:15.441 [warning] [Decorations] CAPPING events from decorations provider vscode.git 273
2025-04-19 11:34:25.801 [warning] [Decorations] CAPPING events from decorations provider vscode.git 286
2025-04-19 11:34:32.786 [warning] [Decorations] CAPPING events from decorations provider vscode.git 286
2025-04-19 11:34:40.657 [warning] [Decorations] CAPPING events from decorations provider vscode.git 286
2025-04-19 11:34:45.823 [warning] [Decorations] CAPPING events from decorations provider vscode.git 286
2025-04-19 11:35:10.957 [warning] [Decorations] CAPPING events from decorations provider vscode.git 286
2025-04-19 11:35:16.123 [warning] [Decorations] CAPPING events from decorations provider vscode.git 286
2025-04-19 11:35:21.286 [warning] [Decorations] CAPPING events from decorations provider vscode.git 286
2025-04-19 11:35:26.471 [warning] [Decorations] CAPPING events from decorations provider vscode.git 286
2025-04-19 11:35:50.759 [warning] [Decorations] CAPPING events from decorations provider vscode.git 286
2025-04-19 11:35:55.927 [warning] [Decorations] CAPPING events from decorations provider vscode.git 286
2025-04-19 11:39:12.266 [warning] [Decorations] CAPPING events from decorations provider vscode.git 286
2025-04-19 11:39:17.432 [warning] [Decorations] CAPPING events from decorations provider vscode.git 286
2025-04-19 11:39:22.604 [warning] [Decorations] CAPPING events from decorations provider vscode.git 286
2025-04-19 11:39:27.768 [warning] [Decorations] CAPPING events from decorations provider vscode.git 286
2025-04-19 11:39:32.930 [warning] [Decorations] CAPPING events from decorations provider vscode.git 286
2025-04-19 11:39:38.095 [warning] [Decorations] CAPPING events from decorations provider vscode.git 286
2025-04-19 11:39:43.258 [warning] [Decorations] CAPPING events from decorations provider vscode.git 286
2025-04-19 11:39:48.419 [warning] [Decorations] CAPPING events from decorations provider vscode.git 286
2025-04-19 11:39:53.583 [warning] [Decorations] CAPPING events from decorations provider vscode.git 286
2025-04-19 11:39:58.747 [warning] [Decorations] CAPPING events from decorations provider vscode.git 286
2025-04-19 11:47:56.297 [warning] [Decorations] CAPPING events from decorations provider vscode.git 286
2025-04-19 12:19:49.217 [error] unauthorized. cloudshell.authorize {"value":"google.cloud-shell","_lower":"google.cloud-shell"}
2025-04-19 12:19:50.219 [error] Error: Error calling Cloud Shell Theia Authorization. undefined
    at t.CloudShellTheiaAuth.<anonymous> (/google/devshell/editor/code-oss-for-cloud-shell/extensions/geminicodeassist/dist/webpack:/common/packages/cloudshell/authorization.ts:73:13)
    at Generator.throw (<anonymous>)
    at i (/google/devshell/editor/code-oss-for-cloud-shell/extensions/geminicodeassist/dist/webpack:/common/packages/citation/index.ts:14:1)
