2025-06-29 06:14:07.257 [info] [main] Log level: Info
2025-06-29 06:14:07.257 [info] [main] Validating found git in: "git"
2025-06-29 06:14:07.257 [info] [main] Using git "2.43.0" from "git"
2025-06-29 06:14:07.257 [info] [Model][doInitialScan] Initial repository scan started
2025-06-29 06:14:07.289 [info] > git rev-parse --show-toplevel [47ms]
2025-06-29 06:14:07.318 [info] > git rev-parse --git-dir --git-common-dir [9ms]
2025-06-29 06:14:07.401 [info] [Model][openRepository] Opened repository: /home/aviral556
2025-06-29 06:14:07.458 [info] > git rev-parse --show-toplevel [13ms]
2025-06-29 06:14:07.460 [info] > git config --get commit.template [19ms]
2025-06-29 06:14:07.471 [info] [Git][getRemotes] No remotes found in the git config file
2025-06-29 06:14:07.479 [info] > git rev-parse --show-toplevel [14ms]
2025-06-29 06:14:07.487 [info] > git rev-parse --show-toplevel [2ms]
2025-06-29 06:14:07.497 [info] > git rev-parse --show-toplevel [4ms]
2025-06-29 06:14:07.504 [info] > git rev-parse --show-toplevel [2ms]
2025-06-29 06:14:07.511 [info] > git rev-parse --show-toplevel [2ms]
2025-06-29 06:14:07.519 [info] > git for-each-ref --format=%(refname)%00%(upstream:short)%00%(objectname)%00%(upstream:track)%00%(upstream:remotename)%00%(upstream:remoteref) refs/heads/master refs/remotes/master [43ms]
2025-06-29 06:14:07.533 [info] > git rev-parse --show-toplevel [17ms]
2025-06-29 06:14:07.541 [info] > git rev-parse --show-toplevel [2ms]
2025-06-29 06:14:09.821 [info] > git status -z -uall [2295ms]
2025-06-29 06:14:09.821 [info] > git check-ignore -v -z --stdin [17ms]
2025-06-29 06:14:09.825 [info] > git for-each-ref --sort -committerdate --format %(refname)%00%(objectname)%00%(*objectname) [2292ms]
2025-06-29 06:14:09.860 [info] > git rev-parse --show-toplevel [2313ms]
2025-06-29 06:14:09.904 [info] > git for-each-ref --format=%(refname)%00%(upstream:short)%00%(objectname)%00%(upstream:track)%00%(upstream:remotename)%00%(upstream:remoteref) refs/heads/master refs/remotes/master [46ms]
2025-06-29 06:14:10.058 [info] > git config --get --local branch.master.vscode-merge-base [137ms]
2025-06-29 06:14:10.058 [warning] [Git][config] git config failed: Failed to execute git
2025-06-29 06:14:10.065 [info] > git rev-parse --git-dir --git-common-dir [167ms]
2025-06-29 06:14:10.070 [info] [Model][openRepository] Opened repository: /home/aviral556/codelab-genai
2025-06-29 06:14:10.071 [info] > git config --get commit.template [186ms]
2025-06-29 06:14:10.329 [info] > git reflog master --grep-reflog=branch: Created from *. [264ms]
2025-06-29 06:14:10.340 [info] [Git][getRemotes] No remotes found in the git config file
2025-06-29 06:14:10.344 [info] > git rev-parse --show-toplevel [28ms]
2025-06-29 06:14:10.345 [info] > git config --get commit.template [35ms]
2025-06-29 06:14:10.355 [info] > git for-each-ref --format=%(refname)%00%(upstream:short)%00%(objectname)%00%(upstream:track)%00%(upstream:remotename)%00%(upstream:remoteref) refs/heads/master refs/remotes/master [16ms]
2025-06-29 06:14:10.389 [info] > git rev-parse --show-toplevel [36ms]
2025-06-29 06:14:10.390 [info] [Model][doInitialScan] Initial repository scan completed - repositories (2), closed repositories (0), parent repositories (0), unsafe repositories (0)
2025-06-29 06:14:10.392 [info] > git for-each-ref --sort -committerdate --format %(refname)%00%(objectname)%00%(*objectname) [21ms]
2025-06-29 06:14:10.488 [info] > git for-each-ref --format=%(refname)%00%(upstream:short)%00%(objectname)%00%(upstream:track)%00%(upstream:remotename)%00%(upstream:remoteref) refs/heads/main refs/remotes/main [108ms]
2025-06-29 06:14:10.517 [info] > git status -z -uall [13ms]
2025-06-29 06:14:10.590 [info] > git for-each-ref --sort -committerdate --format %(refname)%00%(objectname)%00%(*objectname) [75ms]
2025-06-29 06:14:10.629 [info] > git status -z -uall [267ms]
2025-06-29 06:14:10.629 [info] > git for-each-ref --format=%(refname)%00%(upstream:short)%00%(objectname)%00%(upstream:track)%00%(upstream:remotename)%00%(upstream:remoteref) refs/heads/main refs/remotes/main [27ms]
2025-06-29 06:14:10.654 [info] > git config --get --local branch.main.vscode-merge-base [19ms]
2025-06-29 06:14:10.654 [warning] [Git][config] git config failed: Failed to execute git
2025-06-29 06:14:10.661 [info] > git config --get commit.template [36ms]
2025-06-29 06:14:10.672 [info] > git reflog main --grep-reflog=branch: Created from *. [10ms]
2025-06-29 06:14:10.680 [info] > git for-each-ref --format=%(refname)%00%(upstream:short)%00%(objectname)%00%(upstream:track)%00%(upstream:remotename)%00%(upstream:remoteref) refs/heads/main refs/remotes/main [10ms]
2025-06-29 06:14:10.693 [info] > git symbolic-ref --short refs/remotes/origin/HEAD [13ms]
2025-06-29 06:14:10.693 [info] fatal: ref refs/remotes/origin/HEAD is not a symbolic ref
2025-06-29 06:14:10.693 [warning] [Repository][getDefaultBranch] Failed to get default branch details: Failed to execute git.
2025-06-29 06:14:10.857 [info] > git merge-base refs/heads/main refs/remotes/origin/main [155ms]
2025-06-29 06:14:10.895 [info] > git check-ignore -v -z --stdin [22ms]
2025-06-29 06:14:10.896 [info] > git status -z -uall [12ms]
2025-06-29 06:14:10.896 [info] > git diff --name-status -z --diff-filter=ADMR 8ff863eeea5c72e887d243c560492d0052fe14dd...refs/remotes/origin/main [31ms]
2025-06-29 06:14:10.898 [info] > git for-each-ref --sort -committerdate --format %(refname)%00%(objectname)%00%(*objectname) [7ms]
