Initializing document watcher...
Document watcher initialized
aviral556/Dockerfile: {}
aviral556/Dockerfile: {}
aviral556/codelab-genai/main.py: {}
aviral556/codelab-genai/main.py: {}
aviral556/codelab-genai/main.py: Using EditorConfig core...
aviral556/codelab-genai/main.py: {}
aviral556/codelab-genai/main.py: {}
aviral556/codelab-genai/main.py: {}
aviral556/codelab-genai/main.py: {}
aviral556/codelab-genai/main.py: {}
aviral556/codelab-genai/main.py: {}
aviral556/codelab-genai/main.py: {}
aviral556/codelab-genai/main.py: {}
aviral556/codelab-genai/main.py: {}
aviral556/codelab-genai/main.py: {}
aviral556/codelab-genai/main.py: {}
aviral556/codelab-genai/main.py: {}
aviral556/codelab-genai/main.py: {}
aviral556/codelab-genai/main.py: {}
aviral556/codelab-genai/main.py: {}
aviral556/codelab-genai/main.py: Using EditorConfig core...
aviral556/codelab-genai/main.py: {}
aviral556/codelab-genai/main.py: {}
aviral556/codelab-genai/main.py: {}
aviral556/codelab-genai/main.py: {}
aviral556/codelab-genai/main.py: {}
aviral556/codelab-genai/main.py: {}
aviral556/codelab-genai/main.py: {}
aviral556/codelab-genai/main.py: {}
aviral556/codelab-genai/main.py: {}
