2025-06-28 17:49:25.767 [info] [main] Log level: Info
2025-06-28 17:49:25.767 [info] [main] Validating found git in: "git"
2025-06-28 17:49:25.767 [info] [main] Using git "2.43.0" from "git"
2025-06-28 17:49:25.767 [info] [Model][doInitialScan] Initial repository scan started
2025-06-28 17:49:25.767 [info] > git rev-parse --show-toplevel [9ms]
2025-06-28 17:49:25.767 [info] > git rev-parse --git-dir --git-common-dir [1ms]
2025-06-28 17:49:25.767 [info] [Model][openRepository] Opened repository: /home/aviral556
2025-06-28 17:49:25.767 [info] > git config --get commit.template [6ms]
2025-06-28 17:49:25.767 [info] > git rev-parse --show-toplevel [4ms]
2025-06-28 17:49:25.767 [info] [Git][getRemotes] No remotes found in the git config file
2025-06-28 17:49:25.767 [info] > git rev-parse --show-toplevel [4ms]
2025-06-28 17:49:25.772 [info] > git rev-parse --show-toplevel [2ms]
2025-06-28 17:49:25.778 [info] > git for-each-ref --format=%(refname)%00%(upstream:short)%00%(objectname)%00%(upstream:track)%00%(upstream:remotename)%00%(upstream:remoteref) refs/heads/master refs/remotes/master [20ms]
2025-06-28 17:49:25.789 [info] > git rev-parse --show-toplevel [12ms]
2025-06-28 17:49:25.794 [info] > git rev-parse --show-toplevel [1ms]
2025-06-28 17:49:25.799 [info] > git rev-parse --show-toplevel [2ms]
2025-06-28 17:49:27.550 [info] > git status -z -uall [1768ms]
2025-06-28 17:49:27.550 [info] > git rev-parse --show-toplevel [1748ms]
2025-06-28 17:49:27.575 [info] > git for-each-ref --sort -committerdate --format %(refname)%00%(objectname)%00%(*objectname) [1788ms]
2025-06-28 17:49:27.612 [info] > git check-ignore -v -z --stdin [56ms]
2025-06-28 17:49:27.613 [info] > git for-each-ref --format=%(refname)%00%(upstream:short)%00%(objectname)%00%(upstream:track)%00%(upstream:remotename)%00%(upstream:remoteref) refs/heads/master refs/remotes/master [11ms]
2025-06-28 17:49:27.618 [info] > git rev-parse --show-toplevel [47ms]
2025-06-28 17:49:27.623 [info] > git config --get commit.template [11ms]
2025-06-28 17:49:27.624 [info] > git config --get --local branch.master.vscode-merge-base [7ms]
2025-06-28 17:49:27.625 [warning] [Git][config] git config failed: Failed to execute git
2025-06-28 17:49:27.629 [info] [Git][getRemotes] No remotes found in the git config file
2025-06-28 17:49:27.633 [info] > git rev-parse --show-toplevel [11ms]
2025-06-28 17:49:27.637 [info] > git for-each-ref --format=%(refname)%00%(upstream:short)%00%(objectname)%00%(upstream:track)%00%(upstream:remotename)%00%(upstream:remoteref) refs/heads/master refs/remotes/master [5ms]
2025-06-28 17:49:27.721 [info] > git rev-parse --git-dir --git-common-dir [85ms]
2025-06-28 17:49:27.734 [info] [Model][openRepository] Opened repository: /home/aviral556/codelab-genai
2025-06-28 17:49:27.832 [info] > git reflog master --grep-reflog=branch: Created from *. [203ms]
2025-06-28 17:49:27.833 [info] > git for-each-ref --sort -committerdate --format %(refname)%00%(objectname)%00%(*objectname) [188ms]
2025-06-28 17:49:27.845 [info] > git status -z -uall [204ms]
2025-06-28 17:49:27.846 [info] > git rev-parse --show-toplevel [14ms]
2025-06-28 17:49:27.846 [info] > git config --get commit.template [19ms]
2025-06-28 17:49:27.895 [info] > git rev-parse --show-toplevel [18ms]
2025-06-28 17:49:27.896 [info] [Model][doInitialScan] Initial repository scan completed - repositories (2), closed repositories (0), parent repositories (0), unsafe repositories (0)
2025-06-28 17:49:30.508 [info] > git check-ignore -v -z --stdin [2344ms]
2025-06-28 17:49:30.509 [info] > git for-each-ref --format=%(refname)%00%(upstream:short)%00%(objectname)%00%(upstream:track)%00%(upstream:remotename)%00%(upstream:remoteref) refs/heads/main refs/remotes/main [2627ms]
2025-06-28 17:49:30.548 [info] > git check-ignore -v -z --stdin [31ms]
2025-06-28 17:49:30.573 [info] > git for-each-ref --sort -committerdate --format %(refname)%00%(objectname)%00%(*objectname) [3ms]
2025-06-28 17:49:30.583 [info] > git status -z -uall [20ms]
2025-06-28 17:49:30.604 [info] > git for-each-ref --format=%(refname)%00%(upstream:short)%00%(objectname)%00%(upstream:track)%00%(upstream:remotename)%00%(upstream:remoteref) refs/heads/main refs/remotes/main [10ms]
2025-06-28 17:49:30.613 [info] > git config --get commit.template [9ms]
2025-06-28 17:49:30.614 [info] > git config --get --local branch.main.vscode-merge-base [2ms]
2025-06-28 17:49:30.614 [warning] [Git][config] git config failed: Failed to execute git
2025-06-28 17:49:30.634 [info] > git for-each-ref --format=%(refname)%00%(upstream:short)%00%(objectname)%00%(upstream:track)%00%(upstream:remotename)%00%(upstream:remoteref) refs/heads/main refs/remotes/main [7ms]
2025-06-28 17:49:30.651 [info] > git status -z -uall [9ms]
2025-06-28 17:49:30.651 [info] > git reflog main --grep-reflog=branch: Created from *. [31ms]
2025-06-28 17:49:30.659 [info] > git for-each-ref --sort -committerdate --format %(refname)%00%(objectname)%00%(*objectname) [10ms]
2025-06-28 17:49:30.670 [info] > git symbolic-ref --short refs/remotes/origin/HEAD [13ms]
2025-06-28 17:49:30.670 [info] fatal: ref refs/remotes/origin/HEAD is not a symbolic ref
2025-06-28 17:49:30.670 [warning] [Repository][getDefaultBranch] Failed to get default branch details: Failed to execute git.
2025-06-28 17:49:30.678 [info] > git for-each-ref --format=%(refname)%00%(upstream:short)%00%(objectname)%00%(upstream:track)%00%(upstream:remotename)%00%(upstream:remoteref) refs/heads/main refs/remotes/main [11ms]
2025-06-28 17:49:30.686 [info] > git merge-base refs/heads/main refs/remotes/origin/main [9ms]
2025-06-28 17:49:30.695 [info] > git config --get --local branch.main.vscode-merge-base [10ms]
2025-06-28 17:49:30.695 [warning] [Git][config] git config failed: Failed to execute git
2025-06-28 17:49:30.703 [info] > git diff --name-status -z --diff-filter=ADMR 8ff863eeea5c72e887d243c560492d0052fe14dd...refs/remotes/origin/main [9ms]
2025-06-28 17:49:30.705 [info] > git reflog main --grep-reflog=branch: Created from *. [4ms]
2025-06-28 17:49:30.715 [info] > git symbolic-ref --short refs/remotes/origin/HEAD [3ms]
2025-06-28 17:49:30.715 [info] fatal: ref refs/remotes/origin/HEAD is not a symbolic ref
2025-06-28 17:49:30.715 [warning] [Repository][getDefaultBranch] Failed to get default branch details: Failed to execute git.
